npm : npm warn cli npm 
v11.5.2 does not support 
Node.js v20.11.1. This 
version of npm supports the 
following node versions: 
`^20.17.0 || >=22.9.0`. You 
can find the latest version 
at https://nodejs.org/.
At line:1 char:1
+ npm run build > 
build_output.txt 2>&1; 
Get-Content build_output.txt
+ ~~~~~~~~~~~~~~~~~~~~~~~~~~~
~~~~~~~~~~
    + CategoryInfo           
   : NotSpecified: (npm war  
  n cli np...://nodejs.org   
 /.:String) [], RemoteExc    
eption
    + FullyQualifiedErrorId  
   : NativeCommandError
 

> apartment-manager@0.0.0 build
> tsc && vite build

src/components/Layout.tsx(16,18): error TS6133: 'AnimatePresence' is declared but its value is never read.
src/pages/Announcements.tsx(8,3): error TS6133: 'Users' is declared but its value is never read.
src/pages/Home.tsx(16,9): error TS6133: 'navigate' is declared but its value is never read.
src/pages/Payments.tsx(3,1): error TS6133: 'motion' is declared but its value is never read.
src/pages/Payments.tsx(9,3): error TS6133: 'CheckCircle2' is declared but its value is never read.
src/pages/Payments.tsx(125,37): error TS6133: 'i' is declared but its value is never read.
